D:\Projects\MMORPG\TalesOfPirate\sources\Server\GameServer\src\Character\Character.cpp(3344,14): error C2664: "bool CFightAble::GetTrowItemPos(int32_t *,int32_t *)": невозможно преобразовать аргумент 1 из "dbc::Long *" в "int32_t *" [D:\Projects\MMORPG\TalesOfPirate\sources\Server\GameServer\GameServer.vcxproj]
D:\Projects\MMORPG\TalesOfPirate\sources\Server\GameServer\src\Character\Character.cpp(3419,14): error C2664: "bool CFightAble::GetTrowItemPos(int32_t *,int32_t *)": невозможно преобразовать аргумент 1 из "dbc::Long *" в "int32_t *" [D:\Projects\MMORPG\TalesOfPirate\sources\Server\GameServer\GameServer.vcxproj]
D:\Projects\MMORPG\TalesOfPirate\sources\Server\GameServer\src\Character\Character.cpp(3567,14): error C2664: "bool CFightAble::GetTrowItemPos(int32_t *,int32_t *)": невозможно преобразовать аргумент 1 из "dbc::Long *" в "int32_t *" [D:\Projects\MMORPG\TalesOfPirate\sources\Server\GameServer\GameServer.vcxproj]
D:\Projects\MMORPG\TalesOfPirate\sources\Server\GameServer\src\Character\Character.cpp(4388,18): error C2511: bool CCharacter::AddSkillState(dbc::uChar,dbc::uLong,dbc::Long,dbc::Char,dbc::Char,dbc::Char,dbc::uChar,dbc::uChar,dbc::Long,dbc::Char,bool): перегруженная функция-член не найдена в "CCharacter" [D:\Projects\MMORPG\TalesOfPirate\sources\Server\GameServer\GameServer.vcxproj]
D:\Projects\MMORPG\TalesOfPirate\sources\Server\GameServer\src\Character\Character.cpp(4402,3): error C2352: "CCharacter::GetPlyMainCha": для вызова нестатической функции-члена требуется объект [D:\Projects\MMORPG\TalesOfPirate\sources\Server\GameServer\GameServer.vcxproj]
D:\Projects\MMORPG\TalesOfPirate\sources\Server\GameServer\src\Character\Character.cpp(4433,4): error C2352: "CCharacter::SetActControl": для вызова нестатической функции-члена требуется объект [D:\Projects\MMORPG\TalesOfPirate\sources\Server\GameServer\GameServer.vcxproj]
D:\Projects\MMORPG\TalesOfPirate\sources\Server\GameServer\src\Character\Character.cpp(4435,4): error C2352: "CCharacter::SetActControl": для вызова нестатической функции-члена требуется объект [D:\Projects\MMORPG\TalesOfPirate\sources\Server\GameServer\GameServer.vcxproj]
D:\Projects\MMORPG\TalesOfPirate\sources\Server\GameServer\src\Character\Character.cpp(4437,4): error C2352: "CCharacter::SetActControl": для вызова нестатической функции-члена требуется объект [D:\Projects\MMORPG\TalesOfPirate\sources\Server\GameServer\GameServer.vcxproj]
D:\Projects\MMORPG\TalesOfPirate\sources\Server\GameServer\src\Character\Character.cpp(4439,4): error C2352: "CCharacter::SetActControl": для вызова нестатической функции-члена требуется объект [D:\Projects\MMORPG\TalesOfPirate\sources\Server\GameServer\GameServer.vcxproj]
D:\Projects\MMORPG\TalesOfPirate\sources\Server\GameServer\src\Character\Character.cpp(4441,4): error C2352: "CCharacter::SetActControl": для вызова нестатической функции-члена требуется объект [D:\Projects\MMORPG\TalesOfPirate\sources\Server\GameServer\GameServer.vcxproj]
D:\Projects\MMORPG\TalesOfPirate\sources\Server\GameServer\src\Character\Character.cpp(4443,4): error C2352: "CCharacter::SetActControl": для вызова нестатической функции-члена требуется объект [D:\Projects\MMORPG\TalesOfPirate\sources\Server\GameServer\GameServer.vcxproj]
D:\Projects\MMORPG\TalesOfPirate\sources\Server\GameServer\src\Character\Character.cpp(4445,4): error C2352: "CCharacter::SetActControl": для вызова нестатической функции-члена требуется объект [D:\Projects\MMORPG\TalesOfPirate\sources\Server\GameServer\GameServer.vcxproj]
D:\Projects\MMORPG\TalesOfPirate\sources\Server\GameServer\src\Character\Character.cpp(4447,4): error C2352: "CCharacter::SetActControl": для вызова нестатической функции-члена требуется объект [D:\Projects\MMORPG\TalesOfPirate\sources\Server\GameServer\GameServer.vcxproj]
D:\Projects\MMORPG\TalesOfPirate\sources\Server\GameServer\src\Character\Character.cpp(4449,4): error C2352: "CCharacter::SetActControl": для вызова нестатической функции-члена требуется объект [D:\Projects\MMORPG\TalesOfPirate\sources\Server\GameServer\GameServer.vcxproj]
D:\Projects\MMORPG\TalesOfPirate\sources\Server\GameServer\src\Character\Character.cpp(4451,4): error C2352: "CCharacter::SetActControl": для вызова нестатической функции-члена требуется объект [D:\Projects\MMORPG\TalesOfPirate\sources\Server\GameServer\GameServer.vcxproj]
D:\Projects\MMORPG\TalesOfPirate\sources\Server\GameServer\src\Character\Character.cpp(4454,8): error C2352: "Entity::GetSubMap": для вызова нестатической функции-члена требуется объект [D:\Projects\MMORPG\TalesOfPirate\sources\Server\GameServer\GameServer.vcxproj]
D:\Projects\MMORPG\TalesOfPirate\sources\Server\GameServer\src\Character\Character.cpp(4455,33): error C2671: CCharacter::AddSkillState: статические функции-члены не имеют указателей "this" [D:\Projects\MMORPG\TalesOfPirate\sources\Server\GameServer\GameServer.vcxproj]
D:\Projects\MMORPG\TalesOfPirate\sources\Server\GameServer\src\Character\Character.cpp(4455,39): error C2352: "CCharacter::GetActControl": для вызова нестатической функции-члена требуется объект [D:\Projects\MMORPG\TalesOfPirate\sources\Server\GameServer\GameServer.vcxproj]
D:\Projects\MMORPG\TalesOfPirate\sources\Server\GameServer\src\Character\Character.cpp(4455,5): error C2352: "Entity::GetSubMap": для вызова нестатической функции-члена требуется объект [D:\Projects\MMORPG\TalesOfPirate\sources\Server\GameServer\GameServer.vcxproj]
D:\Projects\MMORPG\TalesOfPirate\sources\Server\GameServer\src\Character\Character.cpp(4455,82): error C2352: "CCharacter::GetActControl": для вызова нестатической функции-члена требуется объект [D:\Projects\MMORPG\TalesOfPirate\sources\Server\GameServer\GameServer.vcxproj]
D:\Projects\MMORPG\TalesOfPirate\sources\Server\GameServer\src\Character\Character.cpp(4456,4): error C2352: "CCharacter::SetActControl": для вызова нестатической функции-члена требуется объект [D:\Projects\MMORPG\TalesOfPirate\sources\Server\GameServer\GameServer.vcxproj]
D:\Projects\MMORPG\TalesOfPirate\sources\Server\GameServer\src\Character\Character.cpp(4460,8): error C2352: "Entity::GetSubMap": для вызова нестатической функции-члена требуется объект [D:\Projects\MMORPG\TalesOfPirate\sources\Server\GameServer\GameServer.vcxproj]
D:\Projects\MMORPG\TalesOfPirate\sources\Server\GameServer\src\Character\Character.cpp(4461,33): error C2671: CCharacter::AddSkillState: статические функции-члены не имеют указателей "this" [D:\Projects\MMORPG\TalesOfPirate\sources\Server\GameServer\GameServer.vcxproj]
D:\Projects\MMORPG\TalesOfPirate\sources\Server\GameServer\src\Character\Character.cpp(4461,39): error C2352: "CCharacter::GetActControl": для вызова нестатической функции-члена требуется объект [D:\Projects\MMORPG\TalesOfPirate\sources\Server\GameServer\GameServer.vcxproj]
D:\Projects\MMORPG\TalesOfPirate\sources\Server\GameServer\src\Character\Character.cpp(4461,5): error C2352: "Entity::GetSubMap": для вызова нестатической функции-члена требуется объект [D:\Projects\MMORPG\TalesOfPirate\sources\Server\GameServer\GameServer.vcxproj]
D:\Projects\MMORPG\TalesOfPirate\sources\Server\GameServer\src\Character\Character.cpp(4461,75): error C2352: "CCharacter::GetActControl": для вызова нестатической функции-члена требуется объект [D:\Projects\MMORPG\TalesOfPirate\sources\Server\GameServer\GameServer.vcxproj]
D:\Projects\MMORPG\TalesOfPirate\sources\Server\GameServer\src\Character\Character.cpp(4462,4): error C2352: "CCharacter::SetActControl": для вызова нестатической функции-члена требуется объект [D:\Projects\MMORPG\TalesOfPirate\sources\Server\GameServer\GameServer.vcxproj]
D:\Projects\MMORPG\TalesOfPirate\sources\Server\GameServer\src\Character\Character.cpp(4472,77): error C2671: CCharacter::AddSkillState: статические функции-члены не имеют указателей "this" [D:\Projects\MMORPG\TalesOfPirate\sources\Server\GameServer\GameServer.vcxproj]
D:\Projects\MMORPG\TalesOfPirate\sources\Server\GameServer\src\Character\Character.cpp(4473,77): error C2671: CCharacter::AddSkillState: статические функции-члены не имеют указателей "this" [D:\Projects\MMORPG\TalesOfPirate\sources\Server\GameServer\GameServer.vcxproj]
D:\Projects\MMORPG\TalesOfPirate\sources\Server\GameServer\src\Character\Character.cpp(4479,76): error C2671: CCharacter::AddSkillState: статические функции-члены не имеют указателей "this" [D:\Projects\MMORPG\TalesOfPirate\sources\Server\GameServer\GameServer.vcxproj]
D:\Projects\MMORPG\TalesOfPirate\sources\Server\GameServer\src\Character\Character.cpp(4480,2): error C2660: CFightAble::BeUseSkill: функция не принимает 3 аргументов [D:\Projects\MMORPG\TalesOfPirate\sources\Server\GameServer\GameServer.vcxproj]
D:\Projects\MMORPG\TalesOfPirate\sources\Server\GameServer\src\Character\Character.cpp(4484,3): error C2352: "CFightAble::SetDie": для вызова нестатической функции-члена требуется объект [D:\Projects\MMORPG\TalesOfPirate\sources\Server\GameServer\GameServer.vcxproj]
D:\Projects\MMORPG\TalesOfPirate\sources\Server\GameServer\src\Character\Character.cpp(4491,3): error C2352: "CCharacter::GetPlyMainCha": для вызова нестатической функции-члена требуется объект [D:\Projects\MMORPG\TalesOfPirate\sources\Server\GameServer\GameServer.vcxproj]
D:\Projects\MMORPG\TalesOfPirate\sources\Server\GameServer\src\Character\Character.cpp(4492,3): error C2352: "CFightAble::SynSkillStateToEyeshot": для вызова нестатической функции-члена требуется объект [D:\Projects\MMORPG\TalesOfPirate\sources\Server\GameServer\GameServer.vcxproj]
D:\Projects\MMORPG\TalesOfPirate\sources\Server\GameServer\src\Character\Character.cpp(4493,3): error C2352: "CFightAble::SynAttr": для вызова нестатической функции-члена требуется объект [D:\Projects\MMORPG\TalesOfPirate\sources\Server\GameServer\GameServer.vcxproj]
D:\Projects\MMORPG\TalesOfPirate\sources\Server\GameServer\src\Character\Character.cpp(4505,3): error C2352: "CCharacter::Die": для вызова нестатической функции-члена требуется объект [D:\Projects\MMORPG\TalesOfPirate\sources\Server\GameServer\GameServer.vcxproj]
D:\Projects\MMORPG\TalesOfPirate\sources\Server\GameServer\src\Character\Character.cpp(5389,18): error C2511: void CCharacter::TerminalMessage(dbc::Long): перегруженная функция-член не найдена в "CCharacter" [D:\Projects\MMORPG\TalesOfPirate\sources\Server\GameServer\GameServer.vcxproj]
D:\Projects\MMORPG\TalesOfPirate\sources\Server\GameServer\src\Character\Character.cpp(5391,80): error C2352: "Entity::GetID": для вызова нестатической функции-члена требуется объект [D:\Projects\MMORPG\TalesOfPirate\sources\Server\GameServer\GameServer.vcxproj]
D:\Projects\MMORPG\TalesOfPirate\sources\Server\GameServer\src\Character\Character.cpp(5393,15): error C2671: CCharacter::TerminalMessage: статические функции-члены не имеют указателей "this" [D:\Projects\MMORPG\TalesOfPirate\sources\Server\GameServer\GameServer.vcxproj]
D:\Projects\MMORPG\TalesOfPirate\sources\Server\GameServer\src\Character\Character.cpp(685,18): error C2511: void CCharacter::SetSideID(dbc::Long): перегруженная функция-член не найдена в "CCharacter" [D:\Projects\MMORPG\TalesOfPirate\sources\Server\GameServer\GameServer.vcxproj]
D:\Projects\MMORPG\TalesOfPirate\sources\Server\GameServer\src\Character\Character.cpp(687,7): error C2568: !=: не удается разрешить перегрузку функции [D:\Projects\MMORPG\TalesOfPirate\sources\Server\GameServer\GameServer.vcxproj]
D:\Projects\MMORPG\TalesOfPirate\sources\Server\GameServer\src\Character\Character.cpp(687,7): error C2597: недопустимая ссылка на нестатический член "CCharacter::m_lSideID" [D:\Projects\MMORPG\TalesOfPirate\sources\Server\GameServer\GameServer.vcxproj]
D:\Projects\MMORPG\TalesOfPirate\sources\Server\GameServer\src\Character\Character.cpp(687,7): error C3867: "CCharacter::m_lSideID": нестандартный синтаксис; используйте "&", чтобы создать указатель на член [D:\Projects\MMORPG\TalesOfPirate\sources\Server\GameServer\GameServer.vcxproj]
D:\Projects\MMORPG\TalesOfPirate\sources\Server\GameServer\src\Character\Character.cpp(689,4): error C2597: недопустимая ссылка на нестатический член "CCharacter::m_lSideID" [D:\Projects\MMORPG\TalesOfPirate\sources\Server\GameServer\GameServer.vcxproj]
D:\Projects\MMORPG\TalesOfPirate\sources\Server\GameServer\src\Character\Character.cpp(690,4): error C2352: "CCharacter::SynSideInfo": для вызова нестатической функции-члена требуется объект [D:\Projects\MMORPG\TalesOfPirate\sources\Server\GameServer\GameServer.vcxproj]
D:\Projects\MMORPG\TalesOfPirate\sources\Server\GameServer\src\Character\Character.cpp(695,24): error C2511: Corsairs::Common::Item::SItemGrid *CCharacter::GetItem(dbc::Char,dbc::Long): перегруженная функция-член не найдена в "CCharacter" [D:\Projects\MMORPG\TalesOfPirate\sources\Server\GameServer\GameServer.vcxproj]
D:\Projects\MMORPG\TalesOfPirate\sources\Server\GameServer\src\Character\Character.cpp(727,24): error C2511: Corsairs::Common::Item::SItemGrid *CCharacter::GetItem2(dbc::Char,dbc::Long): перегруженная функция-член не найдена в "CCharacter" [D:\Projects\MMORPG\TalesOfPirate\sources\Server\GameServer\GameServer.vcxproj]
D:\Projects\MMORPG\TalesOfPirate\sources\Server\GameServer\src\Character\Character.cpp(733,16): error C2352: "CCharacter::GetEquipItem": для вызова нестатической функции-члена требуется объект [D:\Projects\MMORPG\TalesOfPirate\sources\Server\GameServer\GameServer.vcxproj]
D:\Projects\MMORPG\TalesOfPirate\sources\Server\GameServer\src\Character\CharacterCmd.cpp(109,27): error C7595: "std::basic_format_string<char,const char *,const char *&,const char *>::basic_format_string": вызов немедленно вызываемой функции не является константным выражением [D:\Projects\MMORPG\TalesOfPirate\sources\Server\GameServer\GameServer.vcxproj]
D:\Projects\MMORPG\TalesOfPirate\sources\Server\GameServer\src\Character\CharacterCmd.cpp(110,8): error C2352: "Entity::GetLogName": для вызова нестатической функции-члена требуется объект [D:\Projects\MMORPG\TalesOfPirate\sources\Server\GameServer\GameServer.vcxproj]
D:\Projects\MMORPG\TalesOfPirate\sources\Server\GameServer\src\Character\CharacterCmd.cpp(127,6): error C2352: "CCharacter::InitCheatX": для вызова нестатической функции-члена требуется объект [D:\Projects\MMORPG\TalesOfPirate\sources\Server\GameServer\GameServer.vcxproj]
D:\Projects\MMORPG\TalesOfPirate\sources\Server\GameServer\src\Character\CharacterCmd.cpp(134,25): error C7595: "std::basic_format_string<char,const char *>::basic_format_string": вызов немедленно вызываемой функции не является константным выражением [D:\Projects\MMORPG\TalesOfPirate\sources\Server\GameServer\GameServer.vcxproj]
D:\Projects\MMORPG\TalesOfPirate\sources\Server\GameServer\src\Character\CharacterCmd.cpp(134,97): error C2352: "Entity::GetLogName": для вызова нестатической функции-члена требуется объект [D:\Projects\MMORPG\TalesOfPirate\sources\Server\GameServer\GameServer.vcxproj]
D:\Projects\MMORPG\TalesOfPirate\sources\Server\GameServer\src\Character\CharacterCmd.cpp(142,25): error C7595: "std::basic_format_string<char,const char *>::basic_format_string": вызов немедленно вызываемой функции не является константным выражением [D:\Projects\MMORPG\TalesOfPirate\sources\Server\GameServer\GameServer.vcxproj]
D:\Projects\MMORPG\TalesOfPirate\sources\Server\GameServer\src\Character\CharacterCmd.cpp(142,88): error C2352: "Entity::GetLogName": для вызова нестатической функции-члена требуется объект [D:\Projects\MMORPG\TalesOfPirate\sources\Server\GameServer\GameServer.vcxproj]
D:\Projects\MMORPG\TalesOfPirate\sources\Server\GameServer\src\Character\CharacterCmd.cpp(155,107): error C2352: "Entity::GetLogName": для вызова нестатической функции-члена требуется объект [D:\Projects\MMORPG\TalesOfPirate\sources\Server\GameServer\GameServer.vcxproj]
D:\Projects\MMORPG\TalesOfPirate\sources\Server\GameServer\src\Character\CharacterCmd.cpp(155,25): error C7595: "std::basic_format_string<char,const char *,dbc::uLong &,dbc::uLong &>::basic_format_string": вызов немедленно вызываемой функции не является константным выражением [D:\Projects\MMORPG\TalesOfPirate\sources\Server\GameServer\GameServer.vcxproj]
D:\Projects\MMORPG\TalesOfPirate\sources\Server\GameServer\src\Character\CharacterCmd.cpp(156,48): error C2352: "Entity::GetLogName": для вызова нестатической функции-члена требуется объект [D:\Projects\MMORPG\TalesOfPirate\sources\Server\GameServer\GameServer.vcxproj]
D:\Projects\MMORPG\TalesOfPirate\sources\Server\GameServer\src\Character\CharacterCmd.cpp(176,27): error C7595: "std::basic_format_string<char,const char *,dbc::uLong &,dbc::uLong &>::basic_format_string": вызов немедленно вызываемой функции не является константным выражением [D:\Projects\MMORPG\TalesOfPirate\sources\Server\GameServer\GameServer.vcxproj]
D:\Projects\MMORPG\TalesOfPirate\sources\Server\GameServer\src\Character\CharacterCmd.cpp(176,89): error C2352: "Entity::GetLogName": для вызова нестатической функции-члена требуется объект [D:\Projects\MMORPG\TalesOfPirate\sources\Server\GameServer\GameServer.vcxproj]
D:\Projects\MMORPG\TalesOfPirate\sources\Server\GameServer\src\Character\CharacterCmd.cpp(180,26): error C7595: "std::basic_format_string<char,const char *,dbc::uLong &,dbc::uLong &,const char *>::basic_format_string": вызов немедленно вызываемой функции не является константным выражением [D:\Projects\MMORPG\TalesOfPirate\sources\Server\GameServer\GameServer.vcxproj]
D:\Projects\MMORPG\TalesOfPirate\sources\Server\GameServer\src\Character\CharacterCmd.cpp(180,90): error C2352: "Entity::GetLogName": для вызова нестатической функции-члена требуется объект [D:\Projects\MMORPG\TalesOfPirate\sources\Server\GameServer\GameServer.vcxproj]
D:\Projects\MMORPG\TalesOfPirate\sources\Server\GameServer\src\Character\CharacterCmd.cpp(184,26): error C7595: "std::basic_format_string<char,const char *>::basic_format_string": вызов немедленно вызываемой функции не является константным выражением [D:\Projects\MMORPG\TalesOfPirate\sources\Server\GameServer\GameServer.vcxproj]
D:\Projects\MMORPG\TalesOfPirate\sources\Server\GameServer\src\Character\CharacterCmd.cpp(184,82): error C2352: "Entity::GetLogName": для вызова нестатической функции-члена требуется объект [D:\Projects\MMORPG\TalesOfPirate\sources\Server\GameServer\GameServer.vcxproj]
D:\Projects\MMORPG\TalesOfPirate\sources\Server\GameServer\src\Character\CharacterCmd.cpp(206,6): error C2660: CCharacter::ChangeItem: функция не принимает 2 аргументов [D:\Projects\MMORPG\TalesOfPirate\sources\Server\GameServer\GameServer.vcxproj]
D:\Projects\MMORPG\TalesOfPirate\sources\Server\GameServer\src\Character\CharacterCmd.cpp(210,10): error C2352: "CCharacter::Cmd_UnfixItem": для вызова нестатической функции-члена требуется объект [D:\Projects\MMORPG\TalesOfPirate\sources\Server\GameServer\GameServer.vcxproj]
D:\Projects\MMORPG\TalesOfPirate\sources\Server\GameServer\src\Character\CharacterCmd.cpp(225,21): error C2671: CCharacter::Cmd_EnterMap: статические функции-члены не имеют указателей "this" [D:\Projects\MMORPG\TalesOfPirate\sources\Server\GameServer\GameServer.vcxproj]
D:\Projects\MMORPG\TalesOfPirate\sources\Server\GameServer\src\Character\CharacterCmd.cpp(239,5): error C2352: "CCharacter::Cmd_LockKitbag": для вызова нестатической функции-члена требуется объект [D:\Projects\MMORPG\TalesOfPirate\sources\Server\GameServer\GameServer.vcxproj]
D:\Projects\MMORPG\TalesOfPirate\sources\Server\GameServer\src\Character\CharacterCmd.cpp(249,12): error C2352: "CCharacter::GetIMP": для вызова нестатической функции-члена требуется объект [D:\Projects\MMORPG\TalesOfPirate\sources\Server\GameServer\GameServer.vcxproj]
D:\Projects\MMORPG\TalesOfPirate\sources\Server\GameServer\src\Character\CharacterCmd.cpp(250,4): error C2352: "CCharacter::FillBaseInfo": для вызова нестатической функции-члена требуется объект [D:\Projects\MMORPG\TalesOfPirate\sources\Server\GameServer\GameServer.vcxproj]
D:\Projects\MMORPG\TalesOfPirate\sources\Server\GameServer\src\Character\CharacterCmd.cpp(252,4): error C2352: "CCharacter::FillSkillBag": для вызова нестатической функции-члена требуется объект [D:\Projects\MMORPG\TalesOfPirate\sources\Server\GameServer\GameServer.vcxproj]
D:\Projects\MMORPG\TalesOfPirate\sources\Server\GameServer\src\Character\CharacterCmd.cpp(253,4): error C2352: "CFightAble::FillSkillState": для вызова нестатической функции-члена требуется объект [D:\Projects\MMORPG\TalesOfPirate\sources\Server\GameServer\GameServer.vcxproj]
D:\Projects\MMORPG\TalesOfPirate\sources\Server\GameServer\src\Character\CharacterCmd.cpp(257,56): error C2671: CCharacter::Cmd_EnterMap: статические функции-члены не имеют указателей "this" [D:\Projects\MMORPG\TalesOfPirate\sources\Server\GameServer\GameServer.vcxproj]
D:\Projects\MMORPG\TalesOfPirate\sources\Server\GameServer\src\Character\CharacterCmd.cpp(259,59): error C2671: CCharacter::Cmd_EnterMap: статические функции-члены не имеют указателей "this" [D:\Projects\MMORPG\TalesOfPirate\sources\Server\GameServer\GameServer.vcxproj]
D:\Projects\MMORPG\TalesOfPirate\sources\Server\GameServer\src\Character\CharacterCmd.cpp(266,6): error C2352: "CFightAble::setAttr": для вызова нестатической функции-члена требуется объект [D:\Projects\MMORPG\TalesOfPirate\sources\Server\GameServer\GameServer.vcxproj]
D:\Projects\MMORPG\TalesOfPirate\sources\Server\GameServer\src\Character\CharacterCmd.cpp(268,7): error C2352: "CFightAble::setAttr": для вызова нестатической функции-члена требуется объект [D:\Projects\MMORPG\TalesOfPirate\sources\Server\GameServer\GameServer.vcxproj]
D:\Projects\MMORPG\TalesOfPirate\sources\Server\GameServer\src\Character\CharacterCmd.cpp(270,7): error C2352: "CFightAble::setAttr": для вызова нестатической функции-члена требуется объект [D:\Projects\MMORPG\TalesOfPirate\sources\Server\GameServer\GameServer.vcxproj]
D:\Projects\MMORPG\TalesOfPirate\sources\Server\GameServer\src\Character\CharacterCmd.cpp(280,6): error C2352: "CFightAble::setAttr": для вызова нестатической функции-члена требуется объект [D:\Projects\MMORPG\TalesOfPirate\sources\Server\GameServer\GameServer.vcxproj]
D:\Projects\MMORPG\TalesOfPirate\sources\Server\GameServer\src\Character\CharacterCmd.cpp(282,7): error C2352: "CFightAble::setAttr": для вызова нестатической функции-члена требуется объект [D:\Projects\MMORPG\TalesOfPirate\sources\Server\GameServer\GameServer.vcxproj]
D:\Projects\MMORPG\TalesOfPirate\sources\Server\GameServer\src\Character\CharacterCmd.cpp(284,7): error C2352: "CFightAble::setAttr": для вызова нестатической функции-члена требуется объект [D:\Projects\MMORPG\TalesOfPirate\sources\Server\GameServer\GameServer.vcxproj]
D:\Projects\MMORPG\TalesOfPirate\sources\Server\GameServer\src\Character\CharacterCmd.cpp(294,6): error C2352: "CFightAble::setAttr": для вызова нестатической функции-члена требуется объект [D:\Projects\MMORPG\TalesOfPirate\sources\Server\GameServer\GameServer.vcxproj]
D:\Projects\MMORPG\TalesOfPirate\sources\Server\GameServer\src\Character\CharacterCmd.cpp(296,7): error C2352: "CFightAble::setAttr": для вызова нестатической функции-члена требуется объект [D:\Projects\MMORPG\TalesOfPirate\sources\Server\GameServer\GameServer.vcxproj]
D:\Projects\MMORPG\TalesOfPirate\sources\Server\GameServer\src\Character\CharacterCmd.cpp(298,7): error C2352: "CFightAble::setAttr": для вызова нестатической функции-члена требуется объект [D:\Projects\MMORPG\TalesOfPirate\sources\Server\GameServer\GameServer.vcxproj]
D:\Projects\MMORPG\TalesOfPirate\sources\Server\GameServer\src\Character\CharacterCmd.cpp(302,4): error C2352: "CFightAble::FillAttr": для вызова нестатической функции-члена требуется объект [D:\Projects\MMORPG\TalesOfPirate\sources\Server\GameServer\GameServer.vcxproj]
D:\Projects\MMORPG\TalesOfPirate\sources\Server\GameServer\src\Character\CharacterCmd.cpp(305,25): error C2597: недопустимая ссылка на нестатический член "CCharacter::m_CKitbag" [D:\Projects\MMORPG\TalesOfPirate\sources\Server\GameServer\GameServer.vcxproj]
D:\Projects\MMORPG\TalesOfPirate\sources\Server\GameServer\src\Character\CharacterCmd.cpp(306,4): error C2352: "CCharacter::FillShortcut": для вызова нестатической функции-члена требуется объект [D:\Projects\MMORPG\TalesOfPirate\sources\Server\GameServer\GameServer.vcxproj]
D:\Projects\MMORPG\TalesOfPirate\sources\Server\GameServer\src\Character\CharacterCmd.cpp(308,4): error C2352: "CCharacter::SetBoatAttrChangeFlag": для вызова нестатической функции-члена требуется объект [D:\Projects\MMORPG\TalesOfPirate\sources\Server\GameServer\GameServer.vcxproj]
D:\Projects\MMORPG\TalesOfPirate\sources\Server\GameServer\src\Character\CharacterCmd.cpp(310,4): error C2352: "CCharacter::FillBoats": для вызова нестатической функции-члена требуется объект [D:\Projects\MMORPG\TalesOfPirate\sources\Server\GameServer\GameServer.vcxproj]
D:\Projects\MMORPG\TalesOfPirate\sources\Server\GameServer\src\Character\CharacterCmd.cpp(324,17): error C2671: CCharacter::Cmd_EnterMap: статические функции-члены не имеют указателей "this" [D:\Projects\MMORPG\TalesOfPirate\sources\Server\GameServer\GameServer.vcxproj]
D:\Projects\MMORPG\TalesOfPirate\sources\Server\GameServer\src\Character\CharacterCmd.cpp(328,5): error C2352: "CCharacter::OnCharBorn": для вызова нестатической функции-члена требуется объект [D:\Projects\MMORPG\TalesOfPirate\sources\Server\GameServer\GameServer.vcxproj]
D:\Projects\MMORPG\TalesOfPirate\sources\Server\GameServer\src\Character\CharacterCmd.cpp(335,4): error C2352: "CCharacter::SendPreMoveTime": для вызова нестатической функции-члена требуется объект [D:\Projects\MMORPG\TalesOfPirate\sources\Server\GameServer\GameServer.vcxproj]
D:\Projects\MMORPG\TalesOfPirate\sources\Server\GameServer\src\Character\CharacterCmd.cpp(337,4): error C2352: "CCharacter::ResetStoreTime": для вызова нестатической функции-члена требуется объект [D:\Projects\MMORPG\TalesOfPirate\sources\Server\GameServer\GameServer.vcxproj]
D:\Projects\MMORPG\TalesOfPirate\sources\Server\GameServer\src\Character\CharacterCmd.cpp(340,24): error C7595: "std::basic_format_string<char,const char *>::basic_format_string": вызов немедленно вызываемой функции не является константным выражением [D:\Projects\MMORPG\TalesOfPirate\sources\Server\GameServer\GameServer.vcxproj]
D:\Projects\MMORPG\TalesOfPirate\sources\Server\GameServer\src\Character\CharacterCmd.cpp(340,58): error C2352: "Entity::GetLogName": для вызова нестатической функции-члена требуется объект [D:\Projects\MMORPG\TalesOfPirate\sources\Server\GameServer\GameServer.vcxproj]
D:\Projects\MMORPG\TalesOfPirate\sources\Server\GameServer\src\Character\CharacterCmd.cpp(349,16): error C2671: CCharacter::Cmd_EnterMap: статические функции-члены не имеют указателей "this" [D:\Projects\MMORPG\TalesOfPirate\sources\Server\GameServer\GameServer.vcxproj]
D:\Projects\MMORPG\TalesOfPirate\sources\Server\GameServer\src\Character\CharacterCmd.cpp(353,23): error C2352: "CCharacter::GetPlyMainCha": для вызова нестатической функции-члена требуется объект [D:\Projects\MMORPG\TalesOfPirate\sources\Server\GameServer\GameServer.vcxproj]
D:\Projects\MMORPG\TalesOfPirate\sources\Server\GameServer\src\Character\CharacterCmd.cpp(358,22): error C7595: "std::basic_format_string<char>::basic_format_string": вызов немедленно вызываемой функции не является константным выражением [D:\Projects\MMORPG\TalesOfPirate\sources\Server\GameServer\GameServer.vcxproj]
D:\Projects\MMORPG\TalesOfPirate\sources\Server\GameServer\src\Character\CharacterCmd.cpp(358,56): error C2352: "Entity::GetLogName": для вызова нестатической функции-члена требуется объект [D:\Projects\MMORPG\TalesOfPirate\sources\Server\GameServer\GameServer.vcxproj]
D:\Projects\MMORPG\TalesOfPirate\sources\Server\GameServer\src\Character\CharacterCmd.cpp(358,70): error C2352: "CCharacter::GetPlyCtrlCha": для вызова нестатической функции-члена требуется объект [D:\Projects\MMORPG\TalesOfPirate\sources\Server\GameServer\GameServer.vcxproj]
D:\Projects\MMORPG\TalesOfPirate\sources\Server\GameServer\src\Character\CharacterCmd.cpp(37,18): error C2511: bool CCharacter::Cmd_EnterMap(dbc::cChar *,dbc::Long,dbc::uLong,dbc::uLong,dbc::Char): перегруженная функция-член не найдена в "CCharacter" [D:\Projects\MMORPG\TalesOfPirate\sources\Server\GameServer\GameServer.vcxproj]
D:\Projects\MMORPG\TalesOfPirate\sources\Server\GameServer\src\Character\CharacterCmd.cpp(41,22): error C2352: "CAttachable::GetPlayer": для вызова нестатической функции-члена требуется объект [D:\Projects\MMORPG\TalesOfPirate\sources\Server\GameServer\GameServer.vcxproj]
D:\Projects\MMORPG\TalesOfPirate\sources\Server\GameServer\src\Character\CharacterCmd.cpp(456,18): error C2511: void CCharacter::Cmd_BeginSkill(dbc::Short,Point *,dbc::Char,Corsairs::Common::Skill::CSkillRecord *,dbc::Long,dbc::Long,dbc::Long,dbc::Char): перегруженная функция-член не найдена в "CCharacter" [D:\Projects\MMORPG\TalesOfPirate\sources\Server\GameServer\GameServer.vcxproj]
D:\Projects\MMORPG\TalesOfPirate\sources\Server\GameServer\src\Character\CharacterCmd.cpp(459,7): error C2352: "Entity::IsLiveing": для вызова нестатической функции-члена требуется объект [D:\Projects\MMORPG\TalesOfPirate\sources\Server\GameServer\GameServer.vcxproj]
D:\Projects\MMORPG\TalesOfPirate\sources\Server\GameServer\src\Character\CharacterCmd.cpp(46,35): error C2352: "Entity::GetCat": для вызова нестатической функции-члена требуется объект [D:\Projects\MMORPG\TalesOfPirate\sources\Server\GameServer\GameServer.vcxproj]
D:\Projects\MMORPG\TalesOfPirate\sources\Server\GameServer\src\Character\CharacterCmd.cpp(462,41): error C2352: "CMoveAble::GetMoveStopState": для вызова нестатической функции-члена требуется объект [D:\Projects\MMORPG\TalesOfPirate\sources\Server\GameServer\GameServer.vcxproj]
D:\Projects\MMORPG\TalesOfPirate\sources\Server\GameServer\src\Character\CharacterCmd.cpp(462,6): error C2352: "CMoveAble::GetMoveState": для вызова нестатической функции-члена требуется объект [D:\Projects\MMORPG\TalesOfPirate\sources\Server\GameServer\GameServer.vcxproj]
D:\Projects\MMORPG\TalesOfPirate\sources\Server\GameServer\src\Character\CharacterCmd.cpp(464,3): error C2352: "CCharacter::FailedActionNoti": для вызова нестатической функции-члена требуется объект [D:\Projects\MMORPG\TalesOfPirate\sources\Server\GameServer\GameServer.vcxproj]
D:\Projects\MMORPG\TalesOfPirate\sources\Server\GameServer\src\Character\CharacterCmd.cpp(468,7): error C2352: "CCharacter::GetActControl": для вызова нестатической функции-члена требуется объект [D:\Projects\MMORPG\TalesOfPirate\sources\Server\GameServer\GameServer.vcxproj]
D:\Projects\MMORPG\TalesOfPirate\sources\Server\GameServer\src\Character\CharacterCmd.cpp(47,6): error C2568: ==: не удается разрешить перегрузку функции [D:\Projects\MMORPG\TalesOfPirate\sources\Server\GameServer\GameServer.vcxproj]
D:\Projects\MMORPG\TalesOfPirate\sources\Server\GameServer\src\Character\CharacterCmd.cpp(47,6): error C2597: недопустимая ссылка на нестатический член "CFightAble::m_pCChaRecord" [D:\Projects\MMORPG\TalesOfPirate\sources\Server\GameServer\GameServer.vcxproj]
D:\Projects\MMORPG\TalesOfPirate\sources\Server\GameServer\src\Character\CharacterCmd.cpp(47,6): error C3867: "CFightAble::m_pCChaRecord": нестандартный синтаксис; используйте "&", чтобы создать указатель на член [D:\Projects\MMORPG\TalesOfPirate\sources\Server\GameServer\GameServer.vcxproj]
D:\Projects\MMORPG\TalesOfPirate\sources\Server\GameServer\src\Character\CharacterCmd.cpp(470,3): error C2352: "CCharacter::FailedActionNoti": для вызова нестатической функции-члена требуется объект [D:\Projects\MMORPG\TalesOfPirate\sources\Server\GameServer\GameServer.vcxproj]
D:\Projects\MMORPG\TalesOfPirate\sources\Server\GameServer\src\Character\CharacterCmd.cpp(474,7): error C2352: "CFightAble::IsRightSkill": для вызова нестатической функции-члена требуется объект [D:\Projects\MMORPG\TalesOfPirate\sources\Server\GameServer\GameServer.vcxproj]
D:\Projects\MMORPG\TalesOfPirate\sources\Server\GameServer\src\Character\CharacterCmd.cpp(476,3): error C2352: "CCharacter::FailedActionNoti": для вызова нестатической функции-члена требуется объект [D:\Projects\MMORPG\TalesOfPirate\sources\Server\GameServer\GameServer.vcxproj]
D:\Projects\MMORPG\TalesOfPirate\sources\Server\GameServer\src\Character\CharacterCmd.cpp(483,7): error C2352: "CCharacter::IsBoat": для вызова нестатической функции-члена требуется объект [D:\Projects\MMORPG\TalesOfPirate\sources\Server\GameServer\GameServer.vcxproj]
D:\Projects\MMORPG\TalesOfPirate\sources\Server\GameServer\src\Character\CharacterCmd.cpp(484,18): error C2352: "CAttachable::GetPlayer": для вызова нестатической функции-члена требуется объект [D:\Projects\MMORPG\TalesOfPirate\sources\Server\GameServer\GameServer.vcxproj]
D:\Projects\MMORPG\TalesOfPirate\sources\Server\GameServer\src\Character\CharacterCmd.cpp(496,19): error C2352: "CAttachable::GetPlayer": для вызова нестатической функции-члена требуется объект [D:\Projects\MMORPG\TalesOfPirate\sources\Server\GameServer\GameServer.vcxproj]
D:\Projects\MMORPG\TalesOfPirate\sources\Server\GameServer\src\Character\CharacterCmd.cpp(498,30): error C7595: "std::basic_format_string<char,short &>::basic_format_string": вызов немедленно вызываемой функции не является константным выражением [D:\Projects\MMORPG\TalesOfPirate\sources\Server\GameServer\GameServer.vcxproj]
D:\Projects\MMORPG\TalesOfPirate\sources\Server\GameServer\src\Character\CharacterCmd.cpp(498,77): error C2352: "Entity::GetLogName": для вызова нестатической функции-члена требуется объект [D:\Projects\MMORPG\TalesOfPirate\sources\Server\GameServer\GameServer.vcxproj]
D:\Projects\MMORPG\TalesOfPirate\sources\Server\GameServer\src\Character\CharacterCmd.cpp(51,3): error C2352: "CFightAble::setAttr": для вызова нестатической функции-члена требуется объект [D:\Projects\MMORPG\TalesOfPirate\sources\Server\GameServer\GameServer.vcxproj]
D:\Projects\MMORPG\TalesOfPirate\sources\Server\GameServer\src\Character\CharacterCmd.cpp(514,7): error C2352: "CCharacter::IsBoat": для вызова нестатической функции-члена требуется объект [D:\Projects\MMORPG\TalesOfPirate\sources\Server\GameServer\GameServer.vcxproj]
D:\Projects\MMORPG\TalesOfPirate\sources\Server\GameServer\src\Character\CharacterCmd.cpp(515,18): error C2352: "CAttachable::GetPlayer": для вызова нестатической функции-члена требуется объект [D:\Projects\MMORPG\TalesOfPirate\sources\Server\GameServer\GameServer.vcxproj]
D:\Projects\MMORPG\TalesOfPirate\sources\Server\GameServer\src\Character\CharacterCmd.cpp(519,44): error C7595: "std::basic_format_string<char,short &>::basic_format_string": вызов немедленно вызываемой функции не является константным выражением [D:\Projects\MMORPG\TalesOfPirate\sources\Server\GameServer\GameServer.vcxproj]
D:\Projects\MMORPG\TalesOfPirate\sources\Server\GameServer\src\Character\CharacterCmd.cpp(519,92): error C2352: "Entity::GetLogName": для вызова нестатической функции-члена требуется объект [D:\Projects\MMORPG\TalesOfPirate\sources\Server\GameServer\GameServer.vcxproj]
D:\Projects\MMORPG\TalesOfPirate\sources\Server\GameServer\src\Character\CharacterCmd.cpp(520,4): error C2352: "CCharacter::FailedActionNoti": для вызова нестатической функции-члена требуется объект [D:\Projects\MMORPG\TalesOfPirate\sources\Server\GameServer\GameServer.vcxproj]
D:\Projects\MMORPG\TalesOfPirate\sources\Server\GameServer\src\Character\CharacterCmd.cpp(528,120): error C2352: "Entity::GetLogName": для вызова нестатической функции-члена требуется объект [D:\Projects\MMORPG\TalesOfPirate\sources\Server\GameServer\GameServer.vcxproj]
D:\Projects\MMORPG\TalesOfPirate\sources\Server\GameServer\src\Character\CharacterCmd.cpp(528,43): error C7595: "std::basic_format_string<char,short &,char &>::basic_format_string": вызов немедленно вызываемой функции не является константным выражением [D:\Projects\MMORPG\TalesOfPirate\sources\Server\GameServer\GameServer.vcxproj]
D:\Projects\MMORPG\TalesOfPirate\sources\Server\GameServer\src\Character\CharacterCmd.cpp(529,3): error C2352: "CCharacter::FailedActionNoti": для вызова нестатической функции-члена требуется объект [D:\Projects\MMORPG\TalesOfPirate\sources\Server\GameServer\GameServer.vcxproj]
D:\Projects\MMORPG\TalesOfPirate\sources\Server\GameServer\src\Character\CharacterCmd.cpp(53,3): error C2352: "CFightAble::setAttr": для вызова нестатической функции-члена требуется объект [D:\Projects\MMORPG\TalesOfPirate\sources\Server\GameServer\GameServer.vcxproj]
D:\Projects\MMORPG\TalesOfPirate\sources\Server\GameServer\src\Character\CharacterCmd.cpp(535,42): error C2352: "CCharacter::GetActControl": для вызова нестатической функции-члена требуется объект [D:\Projects\MMORPG\TalesOfPirate\sources\Server\GameServer\GameServer.vcxproj]
D:\Projects\MMORPG\TalesOfPirate\sources\Server\GameServer\src\Character\CharacterCmd.cpp(536,41): error C2352: "CCharacter::GetActControl": для вызова нестатической функции-члена требуется объект [D:\Projects\MMORPG\TalesOfPirate\sources\Server\GameServer\GameServer.vcxproj]
D:\Projects\MMORPG\TalesOfPirate\sources\Server\GameServer\src\Character\CharacterCmd.cpp(538,3): error C2352: "CCharacter::FailedActionNoti": для вызова нестатической функции-члена требуется объект [D:\Projects\MMORPG\TalesOfPirate\sources\Server\GameServer\GameServer.vcxproj]
D:\Projects\MMORPG\TalesOfPirate\sources\Server\GameServer\src\Character\CharacterCmd.cpp(546,4): error C2352: "CCharacter::FailedActionNoti": для вызова нестатической функции-члена требуется объект [D:\Projects\MMORPG\TalesOfPirate\sources\Server\GameServer\GameServer.vcxproj]
D:\Projects\MMORPG\TalesOfPirate\sources\Server\GameServer\src\Character\CharacterCmd.cpp(554,6): error C2352: "CFightAble::SkillTarIsEntity": для вызова нестатической функции-члена требуется объект [D:\Projects\MMORPG\TalesOfPirate\sources\Server\GameServer\GameServer.vcxproj]
D:\Projects\MMORPG\TalesOfPirate\sources\Server\GameServer\src\Character\CharacterCmd.cpp(559,4): error C2352: "CCharacter::FailedActionNoti": для вызова нестатической функции-члена требуется объект [D:\Projects\MMORPG\TalesOfPirate\sources\Server\GameServer\GameServer.vcxproj]
D:\Projects\MMORPG\TalesOfPirate\sources\Server\GameServer\src\Character\CharacterCmd.cpp(564,33): error C1003: число ошибок превышает 100; остановка компиляции [D:\Projects\MMORPG\TalesOfPirate\sources\Server\GameServer\GameServer.vcxproj]
D:\Projects\MMORPG\TalesOfPirate\sources\Server\GameServer\src\Character\CharacterCmd.cpp(564,33): error C2352: "CFightAble::GetSkillDist": для вызова нестатической функции-члена требуется объект [D:\Projects\MMORPG\TalesOfPirate\sources\Server\GameServer\GameServer.vcxproj]
D:\Projects\MMORPG\TalesOfPirate\sources\Server\GameServer\src\Character\CharacterCmd.cpp(57,4): error C2352: "CCharacter::NewChaInit": для вызова нестатической функции-члена требуется объект [D:\Projects\MMORPG\TalesOfPirate\sources\Server\GameServer\GameServer.vcxproj]
D:\Projects\MMORPG\TalesOfPirate\sources\Server\GameServer\src\Character\CharacterCmd.cpp(61,20): error C2352: "Entity::GetCat": для вызова нестатической функции-члена требуется объект [D:\Projects\MMORPG\TalesOfPirate\sources\Server\GameServer\GameServer.vcxproj]
D:\Projects\MMORPG\TalesOfPirate\sources\Server\GameServer\src\Character\CharacterCmd.cpp(63,3): error C2352: "CFightAble::setAttr": для вызова нестатической функции-члена требуется объект [D:\Projects\MMORPG\TalesOfPirate\sources\Server\GameServer\GameServer.vcxproj]
D:\Projects\MMORPG\TalesOfPirate\sources\Server\GameServer\src\Character\CharacterCmd.cpp(64,3): error C2352: "CCharacter::ResetPosState": для вызова нестатической функции-члена требуется объект [D:\Projects\MMORPG\TalesOfPirate\sources\Server\GameServer\GameServer.vcxproj]
D:\Projects\MMORPG\TalesOfPirate\sources\Server\GameServer\src\Character\CharacterCmd.cpp(72,117): error C2352: "Entity::GetLogName": для вызова нестатической функции-члена требуется объект [D:\Projects\MMORPG\TalesOfPirate\sources\Server\GameServer\GameServer.vcxproj]
D:\Projects\MMORPG\TalesOfPirate\sources\Server\GameServer\src\Character\CharacterCmd.cpp(72,25): error C7595: "std::basic_format_string<char,unsigned long>::basic_format_string": вызов немедленно вызываемой функции не является константным выражением [D:\Projects\MMORPG\TalesOfPirate\sources\Server\GameServer\GameServer.vcxproj]
D:\Projects\MMORPG\TalesOfPirate\sources\Server\GameServer\src\Character\CharacterCmd.cpp(76,9): error C2352: "CCharacter::BoatEnterMap": для вызова нестатической функции-члена требуется объект [D:\Projects\MMORPG\TalesOfPirate\sources\Server\GameServer\GameServer.vcxproj]
D:\Projects\MMORPG\TalesOfPirate\sources\Server\GameServer\src\Character\CharacterCmd.cpp(80,112): error C2352: "Entity::GetLogName": для вызова нестатической функции-члена требуется объект [D:\Projects\MMORPG\TalesOfPirate\sources\Server\GameServer\GameServer.vcxproj]
D:\Projects\MMORPG\TalesOfPirate\sources\Server\GameServer\src\Character\CharacterCmd.cpp(80,25): error C7595: "std::basic_format_string<char,unsigned long>::basic_format_string": вызов немедленно вызываемой функции не является константным выражением [D:\Projects\MMORPG\TalesOfPirate\sources\Server\GameServer\GameServer.vcxproj]
D:\Projects\MMORPG\TalesOfPirate\sources\Server\GameServer\src\Character\CharacterCmd.cpp(93,29): error C2660: GetRandBirthPoint: функция не принимает 1 аргументов [D:\Projects\MMORPG\TalesOfPirate\sources\Server\GameServer\GameServer.vcxproj]
D:\Projects\MMORPG\TalesOfPirate\sources\Server\GameServer\src\Character\CharacterCmd.cpp(93,47): error C2352: "Entity::GetLogName": для вызова нестатической функции-члена требуется объект [D:\Projects\MMORPG\TalesOfPirate\sources\Server\GameServer\GameServer.vcxproj]
D:\Projects\MMORPG\TalesOfPirate\sources\Server\GameServer\src\Character\CharacterCmd.cpp(93,61): error C2352: "Entity::GetBirthCity": для вызова нестатической функции-члена требуется объект [D:\Projects\MMORPG\TalesOfPirate\sources\Server\GameServer\GameServer.vcxproj]
D:\Projects\MMORPG\TalesOfPirate\sources\Server\GameServer\src\Character\CharacterCmd.cpp(96,6): error C2352: "Entity::SetBirthMap": для вызова нестатической функции-члена требуется объект [D:\Projects\MMORPG\TalesOfPirate\sources\Server\GameServer\GameServer.vcxproj]
D:\Projects\MMORPG\TalesOfPirate\sources\Server\GameServer\src\Character\CharacterSuperCmd.cpp(737,16): error C2664: "bool CFightAble::GetTrowItemPos(int32_t *,int32_t *)": невозможно преобразовать аргумент 1 из "dbc::Long *" в "int32_t *" [D:\Projects\MMORPG\TalesOfPirate\sources\Server\GameServer\GameServer.vcxproj]
D:\Projects\MMORPG\TalesOfPirate\sources\Server\GameServer\src\Combat\FightAble.cpp(2258,11): error C2664: "void CFightAble::RangeEffect(SFireUnit *,SubMap *,int32_t *)": невозможно преобразовать аргумент 3 из "long [3]" в "int32_t *" [D:\Projects\MMORPG\TalesOfPirate\sources\Server\GameServer\GameServer.vcxproj]
D:\Projects\MMORPG\TalesOfPirate\sources\Server\GameServer\src\Player\Player.cpp(494,15): error C2371: CPlayer::GetChallengeParam: переопределение; различные базовые типы [D:\Projects\MMORPG\TalesOfPirate\sources\Server\GameServer\GameServer.vcxproj]
D:\Projects\MMORPG\TalesOfPirate\sources\Server\GameServer\src\Player\Player.cpp(494,15): error C2556: dbc::Long CPlayer::GetChallengeParam(dbc::Char): перегруженная функция отличается от "int32_t CPlayer::GetChallengeParam(dbc::Char)" только возвращаемым типом [D:\Projects\MMORPG\TalesOfPirate\sources\Server\GameServer\GameServer.vcxproj]
D:\Projects\MMORPG\TalesOfPirate\sources\Server\GameServer\src\Player\Player.cpp(511,17): error C2440: приведение типов: невозможно преобразовать "int32_t (__cdecl CPlayer::* )(dbc::Char)" в "dbc::Char" [D:\Projects\MMORPG\TalesOfPirate\sources\Server\GameServer\GameServer.vcxproj]
D:\Projects\MMORPG\TalesOfPirate\sources\Server\GameServer\src\Script\lua_gamectrl.cpp(1072,8): error C2664: "void SubMap::BeginSearchInRange(int32_t *,int32_t *,bool)": невозможно преобразовать аргумент 1 из "dbc::Long [3]" в "int32_t *" [D:\Projects\MMORPG\TalesOfPirate\sources\Server\GameServer\GameServer.vcxproj]
D:\Projects\MMORPG\TalesOfPirate\sources\Server\GameServer\src\Script\lua_gamectrl.cpp(1131,8): error C2664: "void SubMap::BeginSearchInRange(int32_t *,int32_t *,bool)": невозможно преобразовать аргумент 1 из "dbc::Long [3]" в "int32_t *" [D:\Projects\MMORPG\TalesOfPirate\sources\Server\GameServer\GameServer.vcxproj]
D:\Projects\MMORPG\TalesOfPirate\sources\Server\GameServer\src\Script\lua_gamectrl.cpp(996,8): error C2664: "void SubMap::BeginSearchInRange(int32_t *,int32_t *,bool)": невозможно преобразовать аргумент 1 из "dbc::Long [3]" в "int32_t *" [D:\Projects\MMORPG\TalesOfPirate\sources\Server\GameServer\GameServer.vcxproj]
D:\Projects\MMORPG\TalesOfPirate\sources\Server\GameServer\src\Services\Mission\Expand.cpp(933,10): error C2664: "void CDynMapEntryCell::GetPosInfo(const char **,int32_t *,int32_t *,const char **)": невозможно преобразовать аргумент 2 из "long *" в "int32_t *" [D:\Projects\MMORPG\TalesOfPirate\sources\Server\GameServer\GameServer.vcxproj]
D:\Projects\MMORPG\TalesOfPirate\sources\Server\GameServer\src\Services\Stall\CharStall.cpp(150,9): error C2664: "void SubMap::BeginSearchInRange(int32_t *,int32_t *,bool)": невозможно преобразовать аргумент 1 из "dbc::Long [3]" в "int32_t *" [D:\Projects\MMORPG\TalesOfPirate\sources\Server\GameServer\GameServer.vcxproj]
D:\Projects\MMORPG\TalesOfPirate\sources\Server\GameServer\src\Services\Trade\CharTrade.cpp(1624,18): error C2664: "bool CFightAble::GetTrowItemPos(int32_t *,int32_t *)": невозможно преобразовать аргумент 1 из "dbc::Long *" в "int32_t *" [D:\Projects\MMORPG\TalesOfPirate\sources\Server\GameServer\GameServer.vcxproj]
D:\Projects\MMORPG\TalesOfPirate\sources\Server\GameServer\src\Services\Trade\CharTrade.cpp(1710,18): error C2664: "bool CFightAble::GetTrowItemPos(int32_t *,int32_t *)": невозможно преобразовать аргумент 1 из "dbc::Long *" в "int32_t *" [D:\Projects\MMORPG\TalesOfPirate\sources\Server\GameServer\GameServer.vcxproj]
D:\Projects\MMORPG\TalesOfPirate\sources\Server\GameServer\src\World\MapRes.cpp(665,17): error C2371: CAreaData::Init: переопределение; различные базовые типы [D:\Projects\MMORPG\TalesOfPirate\sources\Server\GameServer\GameServer.vcxproj]
D:\Projects\MMORPG\TalesOfPirate\sources\Server\GameServer\src\World\MapRes.cpp(665,17): error C2556: dbc::Long CAreaData::Init(_TCHAR *): перегруженная функция отличается от "int32_t CAreaData::Init(_TCHAR *)" только возвращаемым типом [D:\Projects\MMORPG\TalesOfPirate\sources\Server\GameServer\GameServer.vcxproj]
D:\Projects\MMORPG\TalesOfPirate\sources\Server\GameServer\src\World\SubMap.cpp(1011,20): error C2102: для "&" требуется левостороннее значение [D:\Projects\MMORPG\TalesOfPirate\sources\Server\GameServer\GameServer.vcxproj]
D:\Projects\MMORPG\TalesOfPirate\sources\Server\GameServer\src\World\SubMap.cpp(1011,20): error C2597: недопустимая ссылка на нестатический член "SubMap::m_CStickRange" [D:\Projects\MMORPG\TalesOfPirate\sources\Server\GameServer\GameServer.vcxproj]
D:\Projects\MMORPG\TalesOfPirate\sources\Server\GameServer\src\World\SubMap.cpp(1011,3): error C2597: недопустимая ссылка на нестатический член "SubMap::m_pCBaseRange" [D:\Projects\MMORPG\TalesOfPirate\sources\Server\GameServer\GameServer.vcxproj]
D:\Projects\MMORPG\TalesOfPirate\sources\Server\GameServer\src\World\SubMap.cpp(1024,20): error C2102: для "&" требуется левостороннее значение [D:\Projects\MMORPG\TalesOfPirate\sources\Server\GameServer\GameServer.vcxproj]
D:\Projects\MMORPG\TalesOfPirate\sources\Server\GameServer\src\World\SubMap.cpp(1024,20): error C2597: недопустимая ссылка на нестатический член "SubMap::m_CFanRange" [D:\Projects\MMORPG\TalesOfPirate\sources\Server\GameServer\GameServer.vcxproj]
D:\Projects\MMORPG\TalesOfPirate\sources\Server\GameServer\src\World\SubMap.cpp(1024,3): error C2597: недопустимая ссылка на нестатический член "SubMap::m_pCBaseRange" [D:\Projects\MMORPG\TalesOfPirate\sources\Server\GameServer\GameServer.vcxproj]
D:\Projects\MMORPG\TalesOfPirate\sources\Server\GameServer\src\World\SubMap.cpp(1039,20): error C2102: для "&" требуется левостороннее значение [D:\Projects\MMORPG\TalesOfPirate\sources\Server\GameServer\GameServer.vcxproj]
D:\Projects\MMORPG\TalesOfPirate\sources\Server\GameServer\src\World\SubMap.cpp(1039,20): error C2597: недопустимая ссылка на нестатический член "SubMap::m_CSquareCRange" [D:\Projects\MMORPG\TalesOfPirate\sources\Server\GameServer\GameServer.vcxproj]
D:\Projects\MMORPG\TalesOfPirate\sources\Server\GameServer\src\World\SubMap.cpp(1039,3): error C2597: недопустимая ссылка на нестатический член "SubMap::m_pCBaseRange" [D:\Projects\MMORPG\TalesOfPirate\sources\Server\GameServer\GameServer.vcxproj]
D:\Projects\MMORPG\TalesOfPirate\sources\Server\GameServer\src\World\SubMap.cpp(1050,20): error C2102: для "&" требуется левостороннее значение [D:\Projects\MMORPG\TalesOfPirate\sources\Server\GameServer\GameServer.vcxproj]
D:\Projects\MMORPG\TalesOfPirate\sources\Server\GameServer\src\World\SubMap.cpp(1050,20): error C2597: недопустимая ссылка на нестатический член "SubMap::m_CCircleRange" [D:\Projects\MMORPG\TalesOfPirate\sources\Server\GameServer\GameServer.vcxproj]
D:\Projects\MMORPG\TalesOfPirate\sources\Server\GameServer\src\World\SubMap.cpp(1050,3): error C2597: недопустимая ссылка на нестатический член "SubMap::m_pCBaseRange" [D:\Projects\MMORPG\TalesOfPirate\sources\Server\GameServer\GameServer.vcxproj]
D:\Projects\MMORPG\TalesOfPirate\sources\Server\GameServer\src\World\SubMap.cpp(1057,3): error C2597: недопустимая ссылка на нестатический член "SubMap::m_pCBaseRange" [D:\Projects\MMORPG\TalesOfPirate\sources\Server\GameServer\GameServer.vcxproj]
D:\Projects\MMORPG\TalesOfPirate\sources\Server\GameServer\src\World\SubMap.cpp(1059,7): error C2597: недопустимая ссылка на нестатический член "SubMap::m_pCBaseRange" [D:\Projects\MMORPG\TalesOfPirate\sources\Server\GameServer\GameServer.vcxproj]
D:\Projects\MMORPG\TalesOfPirate\sources\Server\GameServer\src\World\SubMap.cpp(1062,2): error C2568: [: не удается разрешить перегрузку функции [D:\Projects\MMORPG\TalesOfPirate\sources\Server\GameServer\GameServer.vcxproj]
D:\Projects\MMORPG\TalesOfPirate\sources\Server\GameServer\src\World\SubMap.cpp(1062,2): error C2597: недопустимая ссылка на нестатический член "SubMap::m_lRangeCentUnit" [D:\Projects\MMORPG\TalesOfPirate\sources\Server\GameServer\GameServer.vcxproj]
D:\Projects\MMORPG\TalesOfPirate\sources\Server\GameServer\src\World\SubMap.cpp(1062,2): error C3867: "SubMap::m_lRangeCentUnit": нестандартный синтаксис; используйте "&", чтобы создать указатель на член [D:\Projects\MMORPG\TalesOfPirate\sources\Server\GameServer\GameServer.vcxproj]
D:\Projects\MMORPG\TalesOfPirate\sources\Server\GameServer\src\World\SubMap.cpp(1062,30): error C2352: "SubMap::GetStateCellWidth": для вызова нестатической функции-члена требуется объект [D:\Projects\MMORPG\TalesOfPirate\sources\Server\GameServer\GameServer.vcxproj]
D:\Projects\MMORPG\TalesOfPirate\sources\Server\GameServer\src\World\SubMap.cpp(1063,2): error C2568: [: не удается разрешить перегрузку функции [D:\Projects\MMORPG\TalesOfPirate\sources\Server\GameServer\GameServer.vcxproj]
D:\Projects\MMORPG\TalesOfPirate\sources\Server\GameServer\src\World\SubMap.cpp(1063,2): error C2597: недопустимая ссылка на нестатический член "SubMap::m_lRangeCentUnit" [D:\Projects\MMORPG\TalesOfPirate\sources\Server\GameServer\GameServer.vcxproj]
D:\Projects\MMORPG\TalesOfPirate\sources\Server\GameServer\src\World\SubMap.cpp(1063,2): error C3867: "SubMap::m_lRangeCentUnit": нестандартный синтаксис; используйте "&", чтобы создать указатель на член [D:\Projects\MMORPG\TalesOfPirate\sources\Server\GameServer\GameServer.vcxproj]
D:\Projects\MMORPG\TalesOfPirate\sources\Server\GameServer\src\World\SubMap.cpp(1063,30): error C2352: "SubMap::GetStateCellHeight": для вызова нестатической функции-члена требуется объект [D:\Projects\MMORPG\TalesOfPirate\sources\Server\GameServer\GameServer.vcxproj]
D:\Projects\MMORPG\TalesOfPirate\sources\Server\GameServer\src\World\SubMap.cpp(1065,33): error C2352: "SubMap::GetStateCellWidth": для вызова нестатической функции-члена требуется объект [D:\Projects\MMORPG\TalesOfPirate\sources\Server\GameServer\GameServer.vcxproj]
D:\Projects\MMORPG\TalesOfPirate\sources\Server\GameServer\src\World\SubMap.cpp(1066,33): error C2352: "SubMap::GetStateCellWidth": для вызова нестатической функции-члена требуется объект [D:\Projects\MMORPG\TalesOfPirate\sources\Server\GameServer\GameServer.vcxproj]
D:\Projects\MMORPG\TalesOfPirate\sources\Server\GameServer\src\World\SubMap.cpp(1067,33): error C2352: "SubMap::GetStateCellHeight": для вызова нестатической функции-члена требуется объект [D:\Projects\MMORPG\TalesOfPirate\sources\Server\GameServer\GameServer.vcxproj]
D:\Projects\MMORPG\TalesOfPirate\sources\Server\GameServer\src\World\SubMap.cpp(1068,33): error C2352: "SubMap::GetStateCellHeight": для вызова нестатической функции-члена требуется объект [D:\Projects\MMORPG\TalesOfPirate\sources\Server\GameServer\GameServer.vcxproj]
D:\Projects\MMORPG\TalesOfPirate\sources\Server\GameServer\src\World\SubMap.cpp(1070,22): error C2352: "SubMap::GetStateCellCol": для вызова нестатической функции-члена требуется объект [D:\Projects\MMORPG\TalesOfPirate\sources\Server\GameServer\GameServer.vcxproj]
D:\Projects\MMORPG\TalesOfPirate\sources\Server\GameServer\src\World\SubMap.cpp(1070,45): error C2352: "SubMap::GetStateCellCol": для вызова нестатической функции-члена требуется объект [D:\Projects\MMORPG\TalesOfPirate\sources\Server\GameServer\GameServer.vcxproj]
D:\Projects\MMORPG\TalesOfPirate\sources\Server\GameServer\src\World\SubMap.cpp(1072,22): error C2352: "SubMap::GetStateCellLin": для вызова нестатической функции-члена требуется объект [D:\Projects\MMORPG\TalesOfPirate\sources\Server\GameServer\GameServer.vcxproj]
D:\Projects\MMORPG\TalesOfPirate\sources\Server\GameServer\src\World\SubMap.cpp(1072,45): error C2352: "SubMap::GetStateCellLin": для вызова нестатической функции-члена требуется объект [D:\Projects\MMORPG\TalesOfPirate\sources\Server\GameServer\GameServer.vcxproj]
D:\Projects\MMORPG\TalesOfPirate\sources\Server\GameServer\src\World\SubMap.cpp(1074,2): error C2597: недопустимая ссылка на нестатический член "SubMap::m_sRangeMgrUnitNum" [D:\Projects\MMORPG\TalesOfPirate\sources\Server\GameServer\GameServer.vcxproj]
D:\Projects\MMORPG\TalesOfPirate\sources\Server\GameServer\src\World\SubMap.cpp(1079,13): error C2352: "SubMap::GetStateCellWidth": для вызова нестатической функции-члена требуется объект [D:\Projects\MMORPG\TalesOfPirate\sources\Server\GameServer\GameServer.vcxproj]
D:\Projects\MMORPG\TalesOfPirate\sources\Server\GameServer\src\World\SubMap.cpp(1080,14): error C2352: "SubMap::GetStateCellWidth": для вызова нестатической функции-члена требуется объект [D:\Projects\MMORPG\TalesOfPirate\sources\Server\GameServer\GameServer.vcxproj]
D:\Projects\MMORPG\TalesOfPirate\sources\Server\GameServer\src\World\SubMap.cpp(1081,13): error C2352: "SubMap::GetStateCellHeight": для вызова нестатической функции-члена требуется объект [D:\Projects\MMORPG\TalesOfPirate\sources\Server\GameServer\GameServer.vcxproj]
D:\Projects\MMORPG\TalesOfPirate\sources\Server\GameServer\src\World\SubMap.cpp(1082,14): error C2352: "SubMap::GetStateCellHeight": для вызова нестатической функции-члена требуется объект [D:\Projects\MMORPG\TalesOfPirate\sources\Server\GameServer\GameServer.vcxproj]
D:\Projects\MMORPG\TalesOfPirate\sources\Server\GameServer\src\World\SubMap.cpp(1085,21): error C2597: недопустимая ссылка на нестатический член "SubMap::m_sRangeMgrUnitNum" [D:\Projects\MMORPG\TalesOfPirate\sources\Server\GameServer\GameServer.vcxproj]
D:\Projects\MMORPG\TalesOfPirate\sources\Server\GameServer\src\World\SubMap.cpp(1085,5): error C2568: [: не удается разрешить перегрузку функции [D:\Projects\MMORPG\TalesOfPirate\sources\Server\GameServer\GameServer.vcxproj]
D:\Projects\MMORPG\TalesOfPirate\sources\Server\GameServer\src\World\SubMap.cpp(1085,5): error C2597: недопустимая ссылка на нестатический член "SubMap::m_lRangeMgrUnit" [D:\Projects\MMORPG\TalesOfPirate\sources\Server\GameServer\GameServer.vcxproj]
D:\Projects\MMORPG\TalesOfPirate\sources\Server\GameServer\src\World\SubMap.cpp(1085,5): error C3867: "SubMap::m_lRangeMgrUnit": нестандартный синтаксис; используйте "&", чтобы создать указатель на член [D:\Projects\MMORPG\TalesOfPirate\sources\Server\GameServer\GameServer.vcxproj]
D:\Projects\MMORPG\TalesOfPirate\sources\Server\GameServer\src\World\SubMap.cpp(1086,21): error C2597: недопустимая ссылка на нестатический член "SubMap::m_sRangeMgrUnitNum" [D:\Projects\MMORPG\TalesOfPirate\sources\Server\GameServer\GameServer.vcxproj]
D:\Projects\MMORPG\TalesOfPirate\sources\Server\GameServer\src\World\SubMap.cpp(1086,5): error C2568: [: не удается разрешить перегрузку функции [D:\Projects\MMORPG\TalesOfPirate\sources\Server\GameServer\GameServer.vcxproj]
D:\Projects\MMORPG\TalesOfPirate\sources\Server\GameServer\src\World\SubMap.cpp(1086,5): error C2597: недопустимая ссылка на нестатический член "SubMap::m_lRangeMgrUnit" [D:\Projects\MMORPG\TalesOfPirate\sources\Server\GameServer\GameServer.vcxproj]
D:\Projects\MMORPG\TalesOfPirate\sources\Server\GameServer\src\World\SubMap.cpp(1086,5): error C3867: "SubMap::m_lRangeMgrUnit": нестандартный синтаксис; используйте "&", чтобы создать указатель на член [D:\Projects\MMORPG\TalesOfPirate\sources\Server\GameServer\GameServer.vcxproj]
D:\Projects\MMORPG\TalesOfPirate\sources\Server\GameServer\src\World\SubMap.cpp(1087,5): error C2568: ++: не удается разрешить перегрузку функции [D:\Projects\MMORPG\TalesOfPirate\sources\Server\GameServer\GameServer.vcxproj]
D:\Projects\MMORPG\TalesOfPirate\sources\Server\GameServer\src\World\SubMap.cpp(1087,5): error C2597: недопустимая ссылка на нестатический член "SubMap::m_sRangeMgrUnitNum" [D:\Projects\MMORPG\TalesOfPirate\sources\Server\GameServer\GameServer.vcxproj]
D:\Projects\MMORPG\TalesOfPirate\sources\Server\GameServer\src\World\SubMap.cpp(1087,5): error C3867: "SubMap::m_sRangeMgrUnitNum": нестандартный синтаксис; используйте "&", чтобы создать указатель на член [D:\Projects\MMORPG\TalesOfPirate\sources\Server\GameServer\GameServer.vcxproj]
D:\Projects\MMORPG\TalesOfPirate\sources\Server\GameServer\src\World\SubMap.cpp(1088,9): error C2568: >=: не удается разрешить перегрузку функции [D:\Projects\MMORPG\TalesOfPirate\sources\Server\GameServer\GameServer.vcxproj]
D:\Projects\MMORPG\TalesOfPirate\sources\Server\GameServer\src\World\SubMap.cpp(1088,9): error C2597: недопустимая ссылка на нестатический член "SubMap::m_sRangeMgrUnitNum" [D:\Projects\MMORPG\TalesOfPirate\sources\Server\GameServer\GameServer.vcxproj]
D:\Projects\MMORPG\TalesOfPirate\sources\Server\GameServer\src\World\SubMap.cpp(1088,9): error C3867: "SubMap::m_sRangeMgrUnitNum": нестандартный синтаксис; используйте "&", чтобы создать указатель на член [D:\Projects\MMORPG\TalesOfPirate\sources\Server\GameServer\GameServer.vcxproj]
D:\Projects\MMORPG\TalesOfPirate\sources\Server\GameServer\src\World\SubMap.cpp(1138,14): error C2511: bool SubMap::RangeAddState(dbc::uChar,dbc::uLong,dbc::Long,dbc::Char,dbc::Char,dbc::Char,dbc::Short *): перегруженная функция-член не найдена в "SubMap" [D:\Projects\MMORPG\TalesOfPirate\sources\Server\GameServer\GameServer.vcxproj]
D:\Projects\MMORPG\TalesOfPirate\sources\Server\GameServer\src\World\SubMap.cpp(1144,7): error C2597: недопустимая ссылка на нестатический член "SubMap::m_pCBaseRange" [D:\Projects\MMORPG\TalesOfPirate\sources\Server\GameServer\GameServer.vcxproj]
D:\Projects\MMORPG\TalesOfPirate\sources\Server\GameServer\src\World\SubMap.cpp(1156,24): error C2568: <: не удается разрешить перегрузку функции [D:\Projects\MMORPG\TalesOfPirate\sources\Server\GameServer\GameServer.vcxproj]
D:\Projects\MMORPG\TalesOfPirate\sources\Server\GameServer\src\World\SubMap.cpp(1156,24): error C2597: недопустимая ссылка на нестатический член "SubMap::m_sRangeMgrUnitNum" [D:\Projects\MMORPG\TalesOfPirate\sources\Server\GameServer\GameServer.vcxproj]
D:\Projects\MMORPG\TalesOfPirate\sources\Server\GameServer\src\World\SubMap.cpp(1156,24): error C3867: "SubMap::m_sRangeMgrUnitNum": нестандартный синтаксис; используйте "&", чтобы создать указатель на член [D:\Projects\MMORPG\TalesOfPirate\sources\Server\GameServer\GameServer.vcxproj]
D:\Projects\MMORPG\TalesOfPirate\sources\Server\GameServer\src\World\SubMap.cpp(1160,34): error C2568: [: не удается разрешить перегрузку функции [D:\Projects\MMORPG\TalesOfPirate\sources\Server\GameServer\GameServer.vcxproj]
D:\Projects\MMORPG\TalesOfPirate\sources\Server\GameServer\src\World\SubMap.cpp(1160,34): error C2597: недопустимая ссылка на нестатический член "SubMap::m_lRangeMgrUnit" [D:\Projects\MMORPG\TalesOfPirate\sources\Server\GameServer\GameServer.vcxproj]
D:\Projects\MMORPG\TalesOfPirate\sources\Server\GameServer\src\World\SubMap.cpp(1160,34): error C3867: "SubMap::m_lRangeMgrUnit": нестандартный синтаксис; используйте "&", чтобы создать указатель на член [D:\Projects\MMORPG\TalesOfPirate\sources\Server\GameServer\GameServer.vcxproj]
D:\Projects\MMORPG\TalesOfPirate\sources\Server\GameServer\src\World\SubMap.cpp(1160,7): error C2568: [: не удается разрешить перегрузку функции [D:\Projects\MMORPG\TalesOfPirate\sources\Server\GameServer\GameServer.vcxproj]
D:\Projects\MMORPG\TalesOfPirate\sources\Server\GameServer\src\World\SubMap.cpp(1160,7): error C2597: недопустимая ссылка на нестатический член "SubMap::m_lRangeMgrUnit" [D:\Projects\MMORPG\TalesOfPirate\sources\Server\GameServer\GameServer.vcxproj]
D:\Projects\MMORPG\TalesOfPirate\sources\Server\GameServer\src\World\SubMap.cpp(1160,7): error C3867: "SubMap::m_lRangeMgrUnit": нестандартный синтаксис; используйте "&", чтобы создать указатель на член [D:\Projects\MMORPG\TalesOfPirate\sources\Server\GameServer\GameServer.vcxproj]
D:\Projects\MMORPG\TalesOfPirate\sources\Server\GameServer\src\World\SubMap.cpp(1164,8): error C3536: cell: не может использоваться до инициализации [D:\Projects\MMORPG\TalesOfPirate\sources\Server\GameServer\GameServer.vcxproj]
D:\Projects\MMORPG\TalesOfPirate\sources\Server\GameServer\src\World\SubMap.cpp(1168,12): error C2568: [: не удается разрешить перегрузку функции [D:\Projects\MMORPG\TalesOfPirate\sources\Server\GameServer\GameServer.vcxproj]
D:\Projects\MMORPG\TalesOfPirate\sources\Server\GameServer\src\World\SubMap.cpp(1168,12): error C2597: недопустимая ссылка на нестатический член "SubMap::m_lRangeCentUnit" [D:\Projects\MMORPG\TalesOfPirate\sources\Server\GameServer\GameServer.vcxproj]
D:\Projects\MMORPG\TalesOfPirate\sources\Server\GameServer\src\World\SubMap.cpp(1168,12): error C3867: "SubMap::m_lRangeCentUnit": нестандартный синтаксис; используйте "&", чтобы создать указатель на член [D:\Projects\MMORPG\TalesOfPirate\sources\Server\GameServer\GameServer.vcxproj]
D:\Projects\MMORPG\TalesOfPirate\sources\Server\GameServer\src\World\SubMap.cpp(1168,40): error C2568: [: не удается разрешить перегрузку функции [D:\Projects\MMORPG\TalesOfPirate\sources\Server\GameServer\GameServer.vcxproj]
D:\Projects\MMORPG\TalesOfPirate\sources\Server\GameServer\src\World\SubMap.cpp(1168,40): error C2597: недопустимая ссылка на нестатический член "SubMap::m_lRangeCentUnit" [D:\Projects\MMORPG\TalesOfPirate\sources\Server\GameServer\GameServer.vcxproj]
D:\Projects\MMORPG\TalesOfPirate\sources\Server\GameServer\src\World\SubMap.cpp(1168,40): error C3867: "SubMap::m_lRangeCentUnit": нестандартный синтаксис; используйте "&", чтобы создать указатель на член [D:\Projects\MMORPG\TalesOfPirate\sources\Server\GameServer\GameServer.vcxproj]
D:\Projects\MMORPG\TalesOfPirate\sources\Server\GameServer\src\World\SubMap.cpp(1169,14): error C2352: "SubMap::AddCellState": для вызова нестатической функции-члена требуется объект [D:\Projects\MMORPG\TalesOfPirate\sources\Server\GameServer\GameServer.vcxproj]
D:\Projects\MMORPG\TalesOfPirate\sources\Server\GameServer\src\World\SubMap.cpp(1171,14): error C2352: "SubMap::AddCellState": для вызова нестатической функции-члена требуется объект [D:\Projects\MMORPG\TalesOfPirate\sources\Server\GameServer\GameServer.vcxproj]
D:\Projects\MMORPG\TalesOfPirate\sources\Server\GameServer\src\World\SubMap.cpp(1174,4): error C2352: "SubMap::NotiStateCellToEyeshot": для вызова нестатической функции-члена требуется объект [D:\Projects\MMORPG\TalesOfPirate\sources\Server\GameServer\GameServer.vcxproj]
D:\Projects\MMORPG\TalesOfPirate\sources\Server\GameServer\src\World\SubMap.cpp(1181,14): error C2511: bool SubMap::RangeAddState(Rect *,dbc::uChar,dbc::uLong,dbc::Long,dbc::Char,dbc::Char,dbc::Char,dbc::Short *): перегруженная функция-член не найдена в "SubMap" [D:\Projects\MMORPG\TalesOfPirate\sources\Server\GameServer\GameServer.vcxproj]
D:\Projects\MMORPG\TalesOfPirate\sources\Server\GameServer\src\World\SubMap.cpp(1193,30): error C2352: "SubMap::GetStateCellWidth": для вызова нестатической функции-члена требуется объект [D:\Projects\MMORPG\TalesOfPirate\sources\Server\GameServer\GameServer.vcxproj]
D:\Projects\MMORPG\TalesOfPirate\sources\Server\GameServer\src\World\SubMap.cpp(1194,30): error C1003: число ошибок превышает 100; остановка компиляции [D:\Projects\MMORPG\TalesOfPirate\sources\Server\GameServer\GameServer.vcxproj]
D:\Projects\MMORPG\TalesOfPirate\sources\Server\GameServer\src\World\SubMap.cpp(1194,30): error C2352: "SubMap::GetStateCellWidth": для вызова нестатической функции-члена требуется объект [D:\Projects\MMORPG\TalesOfPirate\sources\Server\GameServer\GameServer.vcxproj]
D:\Projects\MMORPG\TalesOfPirate\sources\Server\GameServer\src\World\SubMap.cpp(125,7): error C2352: "SubMap::Enter": для вызова нестатической функции-члена требуется объект [D:\Projects\MMORPG\TalesOfPirate\sources\Server\GameServer\GameServer.vcxproj]
D:\Projects\MMORPG\TalesOfPirate\sources\Server\GameServer\src\World\SubMap.cpp(156,21): error C2511: CCharacter *SubMap::ChaSpawn(dbc::Long,dbc::Char,dbc::Short,Point *,bool,dbc::cChar *,const long): перегруженная функция-член не найдена в "SubMap" [D:\Projects\MMORPG\TalesOfPirate\sources\Server\GameServer\GameServer.vcxproj]
D:\Projects\MMORPG\TalesOfPirate\sources\Server\GameServer\src\World\SubMap.cpp(161,7): error C2352: "SubMap::IsValidPos": для вызова нестатической функции-члена требуется объект [D:\Projects\MMORPG\TalesOfPirate\sources\Server\GameServer\GameServer.vcxproj]
D:\Projects\MMORPG\TalesOfPirate\sources\Server\GameServer\src\World\SubMap.cpp(188,7): error C2352: "SubMap::Enter": для вызова нестатической функции-члена требуется объект [D:\Projects\MMORPG\TalesOfPirate\sources\Server\GameServer\GameServer.vcxproj]
D:\Projects\MMORPG\TalesOfPirate\sources\Server\GameServer\src\World\SubMap.cpp(290,14): error C2511: bool SubMap::IsMoveAble(Entity *,dbc::Long,dbc::Long): перегруженная функция-член не найдена в "SubMap" [D:\Projects\MMORPG\TalesOfPirate\sources\Server\GameServer\GameServer.vcxproj]
D:\Projects\MMORPG\TalesOfPirate\sources\Server\GameServer\src\World\SubMap.cpp(936,14): error C2511: Rect SubMap::GetHoldStateCell(Point &,dbc::Long) const: перегруженная функция-член не найдена в "SubMap" [D:\Projects\MMORPG\TalesOfPirate\sources\Server\GameServer\GameServer.vcxproj]
D:\Projects\MMORPG\TalesOfPirate\sources\Server\GameServer\src\World\SubMap.cpp(938,21): error C2530: m_area: ссылки должны быть инициализированы [D:\Projects\MMORPG\TalesOfPirate\sources\Server\GameServer\GameServer.vcxproj]
D:\Projects\MMORPG\TalesOfPirate\sources\Server\GameServer\src\World\SubMap.cpp(938,23): error C2352: "SubMap::GetRange": для вызова нестатической функции-члена требуется объект [D:\Projects\MMORPG\TalesOfPirate\sources\Server\GameServer\GameServer.vcxproj]
D:\Projects\MMORPG\TalesOfPirate\sources\Server\GameServer\src\World\SubMap.cpp(94,16): error C2511: CItem *SubMap::ItemSpawn(const Corsairs::Common::Item::SItemGrid *,dbc::Long,dbc::Long,dbc::Char,dbc::Long,dbc::Long,dbc::Long,dbc::Long,dbc::Long,CEvent *): перегруженная функция-член не найдена в "SubMap" [D:\Projects\MMORPG\TalesOfPirate\sources\Server\GameServer\GameServer.vcxproj]
D:\Projects\MMORPG\TalesOfPirate\sources\Server\GameServer\src\World\SubMap.cpp(942,54): error C2352: "SubMap::GetStateCellWidth": для вызова нестатической функции-члена требуется объект [D:\Projects\MMORPG\TalesOfPirate\sources\Server\GameServer\GameServer.vcxproj]
D:\Projects\MMORPG\TalesOfPirate\sources\Server\GameServer\src\World\SubMap.cpp(943,54): error C2352: "SubMap::GetStateCellHeight": для вызова нестатической функции-члена требуется объект [D:\Projects\MMORPG\TalesOfPirate\sources\Server\GameServer\GameServer.vcxproj]
D:\Projects\MMORPG\TalesOfPirate\sources\Server\GameServer\src\World\SubMap.cpp(944,54): error C2352: "SubMap::GetStateCellWidth": для вызова нестатической функции-члена требуется объект [D:\Projects\MMORPG\TalesOfPirate\sources\Server\GameServer\GameServer.vcxproj]
D:\Projects\MMORPG\TalesOfPirate\sources\Server\GameServer\src\World\SubMap.cpp(945,54): error C2352: "SubMap::GetStateCellHeight": для вызова нестатической функции-члена требуется объект [D:\Projects\MMORPG\TalesOfPirate\sources\Server\GameServer\GameServer.vcxproj]
D:\Projects\MMORPG\TalesOfPirate\sources\Server\GameServer\src\World\SubMap.cpp(948,24): error C2352: "SubMap::GetStateCellCol": для вызова нестатической функции-члена требуется объект [D:\Projects\MMORPG\TalesOfPirate\sources\Server\GameServer\GameServer.vcxproj]
D:\Projects\MMORPG\TalesOfPirate\sources\Server\GameServer\src\World\SubMap.cpp(948,59): error C2352: "SubMap::GetStateCellCol": для вызова нестатической функции-члена требуется объект [D:\Projects\MMORPG\TalesOfPirate\sources\Server\GameServer\GameServer.vcxproj]
D:\Projects\MMORPG\TalesOfPirate\sources\Server\GameServer\src\World\SubMap.cpp(950,24): error C2352: "SubMap::GetStateCellLin": для вызова нестатической функции-члена требуется объект [D:\Projects\MMORPG\TalesOfPirate\sources\Server\GameServer\GameServer.vcxproj]
D:\Projects\MMORPG\TalesOfPirate\sources\Server\GameServer\src\World\SubMap.cpp(950,59): error C2352: "SubMap::GetStateCellLin": для вызова нестатической функции-члена требуется объект [D:\Projects\MMORPG\TalesOfPirate\sources\Server\GameServer\GameServer.vcxproj]
D:\Projects\MMORPG\TalesOfPirate\sources\Server\GameServer\src\World\SubMap.cpp(954,26): error C2352: "SubMap::GetStateCellWidth": для вызова нестатической функции-члена требуется объект [D:\Projects\MMORPG\TalesOfPirate\sources\Server\GameServer\GameServer.vcxproj]
D:\Projects\MMORPG\TalesOfPirate\sources\Server\GameServer\src\World\SubMap.cpp(955,26): error C2352: "SubMap::GetStateCellHeight": для вызова нестатической функции-члена требуется объект [D:\Projects\MMORPG\TalesOfPirate\sources\Server\GameServer\GameServer.vcxproj]
D:\Projects\MMORPG\TalesOfPirate\sources\Server\GameServer\src\World\SubMap.cpp(956,26): error C2352: "SubMap::GetStateCellWidth": для вызова нестатической функции-члена требуется объект [D:\Projects\MMORPG\TalesOfPirate\sources\Server\GameServer\GameServer.vcxproj]
D:\Projects\MMORPG\TalesOfPirate\sources\Server\GameServer\src\World\SubMap.cpp(957,26): error C2352: "SubMap::GetStateCellHeight": для вызова нестатической функции-члена требуется объект [D:\Projects\MMORPG\TalesOfPirate\sources\Server\GameServer\GameServer.vcxproj]
D:\Projects\MMORPG\TalesOfPirate\sources\Server\GameServer\src\World\SubMap.cpp(959,34): error C2352: "SubMap::GetStateCellWidth": для вызова нестатической функции-члена требуется объект [D:\Projects\MMORPG\TalesOfPirate\sources\Server\GameServer\GameServer.vcxproj]
D:\Projects\MMORPG\TalesOfPirate\sources\Server\GameServer\src\World\SubMap.cpp(960,34): error C2352: "SubMap::GetStateCellHeight": для вызова нестатической функции-члена требуется объект [D:\Projects\MMORPG\TalesOfPirate\sources\Server\GameServer\GameServer.vcxproj]
D:\Projects\MMORPG\TalesOfPirate\sources\Server\GameServer\src\World\SubMap.cpp(978,2): error C2664: "void SubMap::BeginSearchInRange(int32_t *,int32_t *,bool)": невозможно преобразовать аргумент 1 из "dbc::Long [3]" в "int32_t *" [D:\Projects\MMORPG\TalesOfPirate\sources\Server\GameServer\GameServer.vcxproj]
D:\Projects\MMORPG\TalesOfPirate\sources\Server\GameServer\src\World\SubMap.cpp(993,14): error C2511: void SubMap::BeginSearchInRange(dbc::Long *,dbc::Long *,bool): перегруженная функция-член не найдена в "SubMap" [D:\Projects\MMORPG\TalesOfPirate\sources\Server\GameServer\GameServer.vcxproj]
D:\Projects\MMORPG\TalesOfPirate\sources\Server\GameServer\src\World\SubMap.cpp(995,5): error C2597: недопустимая ссылка на нестатический член "SubMap::m_sRangeCurMgrUnit" [D:\Projects\MMORPG\TalesOfPirate\sources\Server\GameServer\GameServer.vcxproj]
D:\Projects\MMORPG\TalesOfPirate\sources\Server\GameServer\src\World\SubMap.cpp(996,2): error C2597: недопустимая ссылка на нестатический член "SubMap::m_pRangeCurEntiNode" [D:\Projects\MMORPG\TalesOfPirate\sources\Server\GameServer\GameServer.vcxproj]
D:\Projects\MMORPG\TalesOfPirate\sources\Server\GameServer\src\World\SubMap.cpp(997,2): error C2597: недопустимая ссылка на нестатический член "SubMap::m_bIncludeHideEnti" [D:\Projects\MMORPG\TalesOfPirate\sources\Server\GameServer\GameServer.vcxproj]
